{
  "version": "1.5.0",
  "plugins_used": [
    {
      "name": "ArtifactoryDetector"
    },
    {
      "name": "AWSKeyDetector"
    },
    {
      "name": "AzureStorageKeyDetector"
    },
    {
      "name": "Base64HighEntropyString",
      "limit": 4.5
    },
    {
      "name": "BasicAuthDetector"
    },
    {
      "name": "CloudantDetector"
    },
    {
      "name": "DiscordBotTokenDetector"
    },
    {
      "name": "GitHubTokenDetector"
    },
    {
      "name": "GitLabTokenDetector"
    },
    {
      "name": "HexHighEntropyString",
      "limit": 3.0
    },
    {
      "name": "IbmCloudIamDetector"
    },
    {
      "name": "IbmCosHmacDetector"
    },
    {
      "name": "IPPublicDetector"
    },
    {
      "name": "JwtTokenDetector"
    },
    {
      "name": "KeywordDetector",
      "keyword_exclude": ""
    },
    {
      "name": "MailchimpDetector"
    },
    {
      "name": "NpmDetector"
    },
    {
      "name": "OpenAIDetector"
    },
    {
      "name": "PrivateKeyDetector"
    },
    {
      "name": "PypiTokenDetector"
    },
    {
      "name": "SendGridDetector"
    },
    {
      "name": "SlackDetector"
    },
    {
      "name": "SoftlayerDetector"
    },
    {
      "name": "SquareOAuthDetector"
    },
    {
      "name": "StripeDetector"
    },
    {
      "name": "TelegramBotTokenDetector"
    },
    {
      "name": "TwilioKeyDetector"
    }
  ],
  "filters_used": [
    {
      "path": "detect_secrets.filters.allowlist.is_line_allowlisted"
    },
    {
      "path": "detect_secrets.filters.common.is_baseline_file",
      "filename": ".secrets.baseline"
    },
    {
      "path": "detect_secrets.filters.common.is_ignored_due_to_verification_policies",
      "min_level": 2
    },
    {
      "path": "detect_secrets.filters.heuristic.is_indirect_reference"
    },
    {
      "path": "detect_secrets.filters.heuristic.is_likely_id_string"
    },
    {
      "path": "detect_secrets.filters.heuristic.is_lock_file"
    },
    {
      "path": "detect_secrets.filters.heuristic.is_not_alphanumeric_string"
    },
    {
      "path": "detect_secrets.filters.heuristic.is_potential_uuid"
    },
    {
      "path": "detect_secrets.filters.heuristic.is_prefixed_with_dollar_sign"
    },
    {
      "path": "detect_secrets.filters.heuristic.is_sequential_string"
    },
    {
      "path": "detect_secrets.filters.heuristic.is_swagger_file"
    },
    {
      "path": "detect_secrets.filters.heuristic.is_templated_secret"
    }
  ],
  "results": {
    "docker-compose.yml": [
      {
        "type": "Secret Keyword",
        "filename": "docker-compose.yml",
        "hashed_secret": "afc848c316af1a89d49826c5ae9d00ed769415f3",
        "is_verified": false,
        "line_number": 144
      },
      {
        "type": "Secret Keyword",
        "filename": "docker-compose.yml",
        "hashed_secret": "dc76e9f0c0006e8f919e0c515c66dbba3982f785",
        "is_verified": false,
        "line_number": 163
      },
      {
        "type": "Secret Keyword",
        "filename": "docker-compose.yml",
        "hashed_secret": "f460c882a18c1304d88854e902e11b85d71e7e1b",
        "is_verified": false,
        "line_number": 165
      }
    ],
    "docs/API_REFERENCE.md": [
      {
        "type": "Basic Auth Credentials",
        "filename": "docs/API_REFERENCE.md",
        "hashed_secret": "9d4e1e23bd5b727046a9e3b4b7db57bd8d6ee684",
        "is_verified": false,
        "line_number": 525
      }
    ],
    "docs/USER_GUIDE.md": [
      {
        "type": "Secret Keyword",
        "filename": "docs/USER_GUIDE.md",
        "hashed_secret": "45d676e7c6ab44cf4b8fa366ef2d8fccd3e6d6e6",
        "is_verified": false,
        "line_number": 531
      }
    ],
    "src/database/connection_string.rs": [
      {
        "type": "Basic Auth Credentials",
        "filename": "src/database/connection_string.rs",
        "hashed_secret": "f2b14f68eb995facb3a1c35287b778d5bd785511",
        "is_verified": false,
        "line_number": 790
      },
      {
        "type": "Basic Auth Credentials",
        "filename": "src/database/connection_string.rs",
        "hashed_secret": "e727d1464ae12436e899a726da5b2f11d8381b26",
        "is_verified": false,
        "line_number": 1071
      },
      {
        "type": "Basic Auth Credentials",
        "filename": "src/database/connection_string.rs",
        "hashed_secret": "aafdc23870ecbcd3d557b6423a8982134e17927e",
        "is_verified": false,
        "line_number": 1147
      }
    ],
    "src/utils/redaction.rs": [
      {
        "type": "Basic Auth Credentials",
        "filename": "src/utils/redaction.rs",
        "hashed_secret": "5baa61e4c9b93f3f0682250b6cf8331b7ee68fd8",
        "is_verified": false,
        "line_number": 38
      },
      {
        "type": "Basic Auth Credentials",
        "filename": "src/utils/redaction.rs",
        "hashed_secret": "91dfd9ddb4198affc5c194cd8ce6d338fde470e2",
        "is_verified": false,
        "line_number": 207
      }
    ],
    "src/utils/security_log.rs": [
      {
        "type": "Basic Auth Credentials",
        "filename": "src/utils/security_log.rs",
        "hashed_secret": "cbfdac6008f9cab4083784cbd1874f76618d2a97",
        "is_verified": false,
        "line_number": 150
      },
      {
        "type": "Basic Auth Credentials",
        "filename": "src/utils/security_log.rs",
        "hashed_secret": "f2b14f68eb995facb3a1c35287b778d5bd785511",
        "is_verified": false,
        "line_number": 167
      }
    ],
    "tests/common/database_test_utils.rs": [
      {
        "type": "Basic Auth Credentials",
        "filename": "tests/common/database_test_utils.rs",
        "hashed_secret": "afc848c316af1a89d49826c5ae9d00ed769415f3",
        "is_verified": false,
        "line_number": 32
      },
      {
        "type": "Basic Auth Credentials",
        "filename": "tests/common/database_test_utils.rs",
        "hashed_secret": "dc76e9f0c0006e8f919e0c515c66dbba3982f785",
        "is_verified": false,
        "line_number": 33
      }
    ],
    "tests/database/cross_database_integration_tests.rs": [
      {
        "type": "Basic Auth Credentials",
        "filename": "tests/database/cross_database_integration_tests.rs",
        "hashed_secret": "5baa61e4c9b93f3f0682250b6cf8331b7ee68fd8",
        "is_verified": false,
        "line_number": 48
      }
    ],
    "tests/database/database_partitioning_tests.rs": [
      {
        "type": "Basic Auth Credentials",
        "filename": "tests/database/database_partitioning_tests.rs",
        "hashed_secret": "81f344a7686a80b4c5293e8fdc0b0160c82c06a8",
        "is_verified": false,
        "line_number": 372
      }
    ],
    "tests/database/debug_mysql_test.rs": [
      {
        "type": "Basic Auth Credentials",
        "filename": "tests/database/debug_mysql_test.rs",
        "hashed_secret": "5baa61e4c9b93f3f0682250b6cf8331b7ee68fd8",
        "is_verified": false,
        "line_number": 25
      }
    ],
    "tests/database_test_utils.rs": [
      {
        "type": "Basic Auth Credentials",
        "filename": "tests/database_test_utils.rs",
        "hashed_secret": "afc848c316af1a89d49826c5ae9d00ed769415f3",
        "is_verified": false,
        "line_number": 32
      },
      {
        "type": "Basic Auth Credentials",
        "filename": "tests/database_test_utils.rs",
        "hashed_secret": "dc76e9f0c0006e8f919e0c515c66dbba3982f785",
        "is_verified": false,
        "line_number": 33
      }
    ],
    "tests/integration/partitioning_tests.rs": [
      {
        "type": "Basic Auth Credentials",
        "filename": "tests/integration/partitioning_tests.rs",
        "hashed_secret": "81f344a7686a80b4c5293e8fdc0b0160c82c06a8",
        "is_verified": false,
        "line_number": 787
      }
    ],
    "tests/integration/security_test.rs": [
      {
        "type": "Basic Auth Credentials",
        "filename": "tests/integration/security_test.rs",
        "hashed_secret": "cbfdac6008f9cab4083784cbd1874f76618d2a97",
        "is_verified": false,
        "line_number": 170
      },
      {
        "type": "Basic Auth Credentials",
        "filename": "tests/integration/security_test.rs",
        "hashed_secret": "ab2bf873e7a77f787d5c8b53d196c659cd146497",
        "is_verified": false,
        "line_number": 185
      }
    ],
    "tests/security/security_tests.rs": [
      {
        "type": "Secret Keyword",
        "filename": "tests/security/security_tests.rs",
        "hashed_secret": "0c132b8c3acec9cf264cc45d338f69fa82663ec4",
        "is_verified": false,
        "line_number": 79
      }
    ]
  },
  "generated_at": "2026-01-28T05:49:52Z"
}
